interactions:
- request:
    body: null
    headers:
      Accept:
      - '*/*'
      Accept-Encoding:
      - gzip, deflate
      Host:
      - api.weather.gov
      User-Agent:
      - Python/3.11 aiohttp/3.8.5
    method: GET
    uri: https://api.weather.gov/points/42.3400,-83.0478
  response:
    body: {}
    headers:
      Access-Control-Allow-Origin:
      - '*'
      Access-Control-Expose-Headers:
      - X-Correlation-Id, X-Request-Id, X-Server-Id
      Cache-Control:
      - private, must-revalidate, max-age=86400
      Connection:
      - keep-alive
      Content-Length:
      - '461'
      Content-Type:
      - application/problem+json
      Date:
      - Tue, 01 Aug 2023 12:55:23 GMT
      Expires:
      - Wed, 02 Aug 2023 12:55:23 GMT
      Location:
      - /points/42.34,-83.0478
      Pragma:
      - no-cache
      Server:
      - nginx/1.20.1
      Strict-Transport-Security:
      - max-age=31536000 ; includeSubDomains ; preload
      Vary:
      - Accept,Feature-Flags,Accept-Language
      X-Correlation-ID:
      - 320c855b
      X-Edge-Request-ID:
      - 1f9d2089
      X-Request-ID:
      - 1879809e-21ee-4e4e-9c13-4118fa4abf04
      X-Server-ID:
      - vm-bldr-nids-apiapp3.ncep.noaa.gov
    status:
      code: 301
      message: Moved Permanently
    url: https://api.weather.gov/points/42.3400,-83.0478
- request:
    body: null
    headers:
      Accept:
      - '*/*'
      Accept-Encoding:
      - gzip, deflate
      Host:
      - api.weather.gov
      User-Agent:
      - Python/3.11 aiohttp/3.8.5
    method: GET
    uri: https://api.weather.gov/points/42.34,-83.0478
  response:
    body:
      string: "{\n    \"@context\": [\n        \"https://geojson.org/geojson-ld/geojson-context.jsonld\",\n
        \       {\n            \"@version\": \"1.1\",\n            \"wx\": \"https://api.weather.gov/ontology#\",\n
        \           \"s\": \"https://schema.org/\",\n            \"geo\": \"http://www.opengis.net/ont/geosparql#\",\n
        \           \"unit\": \"http://codes.wmo.int/common/unit/\",\n            \"@vocab\":
        \"https://api.weather.gov/ontology#\",\n            \"geometry\": {\n                \"@id\":
        \"s:GeoCoordinates\",\n                \"@type\": \"geo:wktLiteral\"\n            },\n
        \           \"city\": \"s:addressLocality\",\n            \"state\": \"s:addressRegion\",\n
        \           \"distance\": {\n                \"@id\": \"s:Distance\",\n                \"@type\":
        \"s:QuantitativeValue\"\n            },\n            \"bearing\": {\n                \"@type\":
        \"s:QuantitativeValue\"\n            },\n            \"value\": {\n                \"@id\":
        \"s:value\"\n            },\n            \"unitCode\": {\n                \"@id\":
        \"s:unitCode\",\n                \"@type\": \"@id\"\n            },\n            \"forecastOffice\":
        {\n                \"@type\": \"@id\"\n            },\n            \"forecastGridData\":
        {\n                \"@type\": \"@id\"\n            },\n            \"publicZone\":
        {\n                \"@type\": \"@id\"\n            },\n            \"county\":
        {\n                \"@type\": \"@id\"\n            }\n        }\n    ],\n
        \   \"id\": \"https://api.weather.gov/points/42.34,-83.0478\",\n    \"type\":
        \"Feature\",\n    \"geometry\": {\n        \"type\": \"Point\",\n        \"coordinates\":
        [\n            -83.047799999999995,\n            42.340000000000003\n        ]\n
        \   },\n    \"properties\": {\n        \"@id\": \"https://api.weather.gov/points/42.34,-83.0478\",\n
        \       \"@type\": \"wx:Point\",\n        \"cwa\": \"DTX\",\n        \"forecastOffice\":
        \"https://api.weather.gov/offices/DTX\",\n        \"gridId\": \"DTX\",\n        \"gridX\":
        66,\n        \"gridY\": 34,\n        \"forecast\": \"https://api.weather.gov/gridpoints/DTX/66,34/forecast\",\n
        \       \"forecastHourly\": \"https://api.weather.gov/gridpoints/DTX/66,34/forecast/hourly\",\n
        \       \"forecastGridData\": \"https://api.weather.gov/gridpoints/DTX/66,34\",\n
        \       \"observationStations\": \"https://api.weather.gov/gridpoints/DTX/66,34/stations\",\n
        \       \"relativeLocation\": {\n            \"type\": \"Feature\",\n            \"geometry\":
        {\n                \"type\": \"Point\",\n                \"coordinates\":
        [\n                    -83.055950899999999,\n                    42.395386999999999\n
        \               ]\n            },\n            \"properties\": {\n                \"city\":
        \"Hamtramck\",\n                \"state\": \"MI\",\n                \"distance\":
        {\n                    \"unitCode\": \"wmoUnit:m\",\n                    \"value\":
        6195.0595663673002\n                },\n                \"bearing\": {\n                    \"unitCode\":
        \"wmoUnit:degree_(angle)\",\n                    \"value\": 173\n                }\n
        \           }\n        },\n        \"forecastZone\": \"https://api.weather.gov/zones/forecast/MIZ076\",\n
        \       \"county\": \"https://api.weather.gov/zones/county/MIC163\",\n        \"fireWeatherZone\":
        \"https://api.weather.gov/zones/fire/MIZ076\",\n        \"timeZone\": \"America/Detroit\",\n
        \       \"radarStation\": \"KDTX\"\n    }\n}"
    headers:
      Access-Control-Allow-Origin:
      - '*'
      Access-Control-Expose-Headers:
      - X-Correlation-Id, X-Request-Id, X-Server-Id
      Cache-Control:
      - public, max-age=86400, s-maxage=120
      Connection:
      - keep-alive
      Content-Encoding:
      - gzip
      Content-Length:
      - '813'
      Content-Type:
      - application/geo+json
      Date:
      - Tue, 01 Aug 2023 12:55:23 GMT
      Expires:
      - Wed, 02 Aug 2023 12:55:23 GMT
      Server:
      - nginx/1.20.1
      Strict-Transport-Security:
      - max-age=31536000 ; includeSubDomains ; preload
      Vary:
      - Accept-Encoding
      - Accept,Feature-Flags,Accept-Language
      X-Correlation-ID:
      - 397ecba0
      X-Edge-Request-ID:
      - 1f9d20d3
      X-Request-ID:
      - b214f89e-15fd-4817-926d-897684cd1387
      X-Server-ID:
      - vm-bldr-nids-apiapp4.ncep.noaa.gov
    status:
      code: 200
      message: OK
    url: https://api.weather.gov/points/42.34,-83.0478
- request:
    body: null
    headers: {}
    method: GET
    uri: https://api.weather.gov/gridpoints/DTX/66,34/forecast
  response:
    body:
      string: "{\n    \"@context\": [\n        \"https://geojson.org/geojson-ld/geojson-context.jsonld\",\n
        \       {\n            \"@version\": \"1.1\",\n            \"wx\": \"https://api.weather.gov/ontology#\",\n
        \           \"geo\": \"http://www.opengis.net/ont/geosparql#\",\n            \"unit\":
        \"http://codes.wmo.int/common/unit/\",\n            \"@vocab\": \"https://api.weather.gov/ontology#\"\n
        \       }\n    ],\n    \"type\": \"Feature\",\n    \"geometry\": {\n        \"type\":
        \"Polygon\",\n        \"coordinates\": [\n            [\n                [\n
        \                   -83.054582999999994,\n                    42.344701399999998\n
        \               ],\n                [\n                    -83.057171099999991,\n
        \                   42.323041400000001\n                ],\n                [\n
        \                   -83.027861499999986,\n                    42.321125100000003\n
        \               ],\n                [\n                    -83.025267099999979,\n
        \                   42.342784900000005\n                ],\n                [\n
        \                   -83.054582999999994,\n                    42.344701399999998\n
        \               ]\n            ]\n        ]\n    },\n    \"properties\": {\n
        \       \"updated\": \"2023-08-01T11:13:37+00:00\",\n        \"units\": \"us\",\n
        \       \"forecastGenerator\": \"BaselineForecastGenerator\",\n        \"generatedAt\":
        \"2023-08-01T12:05:52+00:00\",\n        \"updateTime\": \"2023-08-01T11:13:37+00:00\",\n
        \       \"validTimes\": \"2023-08-01T05:00:00+00:00/P7DT20H\",\n        \"elevation\":
        {\n            \"unitCode\": \"wmoUnit:m\",\n            \"value\": 174.04079999999999\n
        \       },\n        \"periods\": [\n            {\n                \"number\":
        1,\n                \"name\": \"Today\",\n                \"startTime\": \"2023-08-01T08:00:00-04:00\",\n
        \               \"endTime\": \"2023-08-01T18:00:00-04:00\",\n                \"isDaytime\":
        true,\n                \"temperature\": 80,\n                \"temperatureUnit\":
        \"F\",\n                \"temperatureTrend\": \"falling\",\n                \"probabilityOfPrecipitation\":
        {\n                    \"unitCode\": \"wmoUnit:percent\",\n                    \"value\":
        null\n                },\n                \"dewpoint\": {\n                    \"unitCode\":
        \"wmoUnit:degC\",\n                    \"value\": 16.111111111111111\n                },\n
        \               \"relativeHumidity\": {\n                    \"unitCode\":
        \"wmoUnit:percent\",\n                    \"value\": 77\n                },\n
        \               \"windSpeed\": \"3 to 7 mph\",\n                \"windDirection\":
        \"SE\",\n                \"icon\": \"https://api.weather.gov/icons/land/day/sct?size=medium\",\n
        \               \"shortForecast\": \"Mostly Sunny\",\n                \"detailedForecast\":
        \"Mostly sunny. High near 80, with temperatures falling to around 76 in the
        afternoon. Southeast wind 3 to 7 mph.\"\n            },\n            {\n                \"number\":
        2,\n                \"name\": \"Tonight\",\n                \"startTime\":
        \"2023-08-01T18:00:00-04:00\",\n                \"endTime\": \"2023-08-02T06:00:00-04:00\",\n
        \               \"isDaytime\": false,\n                \"temperature\": 61,\n
        \               \"temperatureUnit\": \"F\",\n                \"temperatureTrend\":
        null,\n                \"probabilityOfPrecipitation\": {\n                    \"unitCode\":
        \"wmoUnit:percent\",\n                    \"value\": null\n                },\n
        \               \"dewpoint\": {\n                    \"unitCode\": \"wmoUnit:degC\",\n
        \                   \"value\": 17.222222222222221\n                },\n                \"relativeHumidity\":
        {\n                    \"unitCode\": \"wmoUnit:percent\",\n                    \"value\":
        97\n                },\n                \"windSpeed\": \"7 mph\",\n                \"windDirection\":
        \"SSE\",\n                \"icon\": \"https://api.weather.gov/icons/land/night/sct?size=medium\",\n
        \               \"shortForecast\": \"Partly Cloudy\",\n                \"detailedForecast\":
        \"Partly cloudy, with a low around 61. South southeast wind around 7 mph.\"\n
        \           },\n            {\n                \"number\": 3,\n                \"name\":
        \"Wednesday\",\n                \"startTime\": \"2023-08-02T06:00:00-04:00\",\n
        \               \"endTime\": \"2023-08-02T18:00:00-04:00\",\n                \"isDaytime\":
        true,\n                \"temperature\": 84,\n                \"temperatureUnit\":
        \"F\",\n                \"temperatureTrend\": null,\n                \"probabilityOfPrecipitation\":
        {\n                    \"unitCode\": \"wmoUnit:percent\",\n                    \"value\":
        null\n                },\n                \"dewpoint\": {\n                    \"unitCode\":
        \"wmoUnit:degC\",\n                    \"value\": 17.222222222222221\n                },\n
        \               \"relativeHumidity\": {\n                    \"unitCode\":
        \"wmoUnit:percent\",\n                    \"value\": 97\n                },\n
        \               \"windSpeed\": \"5 to 10 mph\",\n                \"windDirection\":
        \"SSW\",\n                \"icon\": \"https://api.weather.gov/icons/land/day/sct?size=medium\",\n
        \               \"shortForecast\": \"Mostly Sunny\",\n                \"detailedForecast\":
        \"Mostly sunny, with a high near 84. South southwest wind 5 to 10 mph.\"\n
        \           },\n            {\n                \"number\": 4,\n                \"name\":
        \"Wednesday Night\",\n                \"startTime\": \"2023-08-02T18:00:00-04:00\",\n
        \               \"endTime\": \"2023-08-03T06:00:00-04:00\",\n                \"isDaytime\":
        false,\n                \"temperature\": 68,\n                \"temperatureUnit\":
        \"F\",\n                \"temperatureTrend\": null,\n                \"probabilityOfPrecipitation\":
        {\n                    \"unitCode\": \"wmoUnit:percent\",\n                    \"value\":
        null\n                },\n                \"dewpoint\": {\n                    \"unitCode\":
        \"wmoUnit:degC\",\n                    \"value\": 17.777777777777779\n                },\n
        \               \"relativeHumidity\": {\n                    \"unitCode\":
        \"wmoUnit:percent\",\n                    \"value\": 79\n                },\n
        \               \"windSpeed\": \"6 to 10 mph\",\n                \"windDirection\":
        \"SSW\",\n                \"icon\": \"https://api.weather.gov/icons/land/night/bkn?size=medium\",\n
        \               \"shortForecast\": \"Mostly Cloudy\",\n                \"detailedForecast\":
        \"Mostly cloudy, with a low around 68. South southwest wind 6 to 10 mph.\"\n
        \           },\n            {\n                \"number\": 5,\n                \"name\":
        \"Thursday\",\n                \"startTime\": \"2023-08-03T06:00:00-04:00\",\n
        \               \"endTime\": \"2023-08-03T18:00:00-04:00\",\n                \"isDaytime\":
        true,\n                \"temperature\": 87,\n                \"temperatureUnit\":
        \"F\",\n                \"temperatureTrend\": null,\n                \"probabilityOfPrecipitation\":
        {\n                    \"unitCode\": \"wmoUnit:percent\",\n                    \"value\":
        null\n                },\n                \"dewpoint\": {\n                    \"unitCode\":
        \"wmoUnit:degC\",\n                    \"value\": 17.777777777777779\n                },\n
        \               \"relativeHumidity\": {\n                    \"unitCode\":
        \"wmoUnit:percent\",\n                    \"value\": 78\n                },\n
        \               \"windSpeed\": \"6 to 10 mph\",\n                \"windDirection\":
        \"SW\",\n                \"icon\": \"https://api.weather.gov/icons/land/day/sct/tsra_hi?size=medium\",\n
        \               \"shortForecast\": \"Mostly Sunny then Slight Chance Showers
        And Thunderstorms\",\n                \"detailedForecast\": \"A slight chance
        of showers and thunderstorms after 2pm. Mostly sunny, with a high near 87.
        Southwest wind 6 to 10 mph. New rainfall amounts less than a tenth of an inch
        possible.\"\n            },\n            {\n                \"number\": 6,\n
        \               \"name\": \"Thursday Night\",\n                \"startTime\":
        \"2023-08-03T18:00:00-04:00\",\n                \"endTime\": \"2023-08-04T06:00:00-04:00\",\n
        \               \"isDaytime\": false,\n                \"temperature\": 67,\n
        \               \"temperatureUnit\": \"F\",\n                \"temperatureTrend\":
        null,\n                \"probabilityOfPrecipitation\": {\n                    \"unitCode\":
        \"wmoUnit:percent\",\n                    \"value\": null\n                },\n
        \               \"dewpoint\": {\n                    \"unitCode\": \"wmoUnit:degC\",\n
        \                   \"value\": 19.444444444444443\n                },\n                \"relativeHumidity\":
        {\n                    \"unitCode\": \"wmoUnit:percent\",\n                    \"value\":
        90\n                },\n                \"windSpeed\": \"10 mph\",\n                \"windDirection\":
        \"WNW\",\n                \"icon\": \"https://api.weather.gov/icons/land/night/tsra_hi/sct?size=medium\",\n
        \               \"shortForecast\": \"Slight Chance Showers And Thunderstorms
        then Partly Cloudy\",\n                \"detailedForecast\": \"A slight chance
        of showers and thunderstorms before 8pm. Partly cloudy, with a low around
        67.\"\n            },\n            {\n                \"number\": 7,\n                \"name\":
        \"Friday\",\n                \"startTime\": \"2023-08-04T06:00:00-04:00\",\n
        \               \"endTime\": \"2023-08-04T18:00:00-04:00\",\n                \"isDaytime\":
        true,\n                \"temperature\": 81,\n                \"temperatureUnit\":
        \"F\",\n                \"temperatureTrend\": null,\n                \"probabilityOfPrecipitation\":
        {\n                    \"unitCode\": \"wmoUnit:percent\",\n                    \"value\":
        null\n                },\n                \"dewpoint\": {\n                    \"unitCode\":
        \"wmoUnit:degC\",\n                    \"value\": 18.333333333333332\n                },\n
        \               \"relativeHumidity\": {\n                    \"unitCode\":
        \"wmoUnit:percent\",\n                    \"value\": 90\n                },\n
        \               \"windSpeed\": \"9 to 14 mph\",\n                \"windDirection\":
        \"N\",\n                \"icon\": \"https://api.weather.gov/icons/land/day/sct?size=medium\",\n
        \               \"shortForecast\": \"Mostly Sunny\",\n                \"detailedForecast\":
        \"Mostly sunny, with a high near 81.\"\n            },\n            {\n                \"number\":
        8,\n                \"name\": \"Friday Night\",\n                \"startTime\":
        \"2023-08-04T18:00:00-04:00\",\n                \"endTime\": \"2023-08-05T06:00:00-04:00\",\n
        \               \"isDaytime\": false,\n                \"temperature\": 61,\n
        \               \"temperatureUnit\": \"F\",\n                \"temperatureTrend\":
        null,\n                \"probabilityOfPrecipitation\": {\n                    \"unitCode\":
        \"wmoUnit:percent\",\n                    \"value\": null\n                },\n
        \               \"dewpoint\": {\n                    \"unitCode\": \"wmoUnit:degC\",\n
        \                   \"value\": 15.555555555555555\n                },\n                \"relativeHumidity\":
        {\n                    \"unitCode\": \"wmoUnit:percent\",\n                    \"value\":
        88\n                },\n                \"windSpeed\": \"9 to 14 mph\",\n
        \               \"windDirection\": \"NNE\",\n                \"icon\": \"https://api.weather.gov/icons/land/night/sct?size=medium\",\n
        \               \"shortForecast\": \"Partly Cloudy\",\n                \"detailedForecast\":
        \"Partly cloudy, with a low around 61.\"\n            },\n            {\n
        \               \"number\": 9,\n                \"name\": \"Saturday\",\n
        \               \"startTime\": \"2023-08-05T06:00:00-04:00\",\n                \"endTime\":
        \"2023-08-05T18:00:00-04:00\",\n                \"isDaytime\": true,\n                \"temperature\":
        79,\n                \"temperatureUnit\": \"F\",\n                \"temperatureTrend\":
        null,\n                \"probabilityOfPrecipitation\": {\n                    \"unitCode\":
        \"wmoUnit:percent\",\n                    \"value\": null\n                },\n
        \               \"dewpoint\": {\n                    \"unitCode\": \"wmoUnit:degC\",\n
        \                   \"value\": 15\n                },\n                \"relativeHumidity\":
        {\n                    \"unitCode\": \"wmoUnit:percent\",\n                    \"value\":
        89\n                },\n                \"windSpeed\": \"10 mph\",\n                \"windDirection\":
        \"NE\",\n                \"icon\": \"https://api.weather.gov/icons/land/day/bkn?size=medium\",\n
        \               \"shortForecast\": \"Partly Sunny\",\n                \"detailedForecast\":
        \"Partly sunny, with a high near 79.\"\n            },\n            {\n                \"number\":
        10,\n                \"name\": \"Saturday Night\",\n                \"startTime\":
        \"2023-08-05T18:00:00-04:00\",\n                \"endTime\": \"2023-08-06T06:00:00-04:00\",\n
        \               \"isDaytime\": false,\n                \"temperature\": 62,\n
        \               \"temperatureUnit\": \"F\",\n                \"temperatureTrend\":
        null,\n                \"probabilityOfPrecipitation\": {\n                    \"unitCode\":
        \"wmoUnit:percent\",\n                    \"value\": null\n                },\n
        \               \"dewpoint\": {\n                    \"unitCode\": \"wmoUnit:degC\",\n
        \                   \"value\": 15.555555555555555\n                },\n                \"relativeHumidity\":
        {\n                    \"unitCode\": \"wmoUnit:percent\",\n                    \"value\":
        89\n                },\n                \"windSpeed\": \"7 to 10 mph\",\n
        \               \"windDirection\": \"ENE\",\n                \"icon\": \"https://api.weather.gov/icons/land/night/bkn/rain_showers?size=medium\",\n
        \               \"shortForecast\": \"Mostly Cloudy then Slight Chance Rain
        Showers\",\n                \"detailedForecast\": \"A slight chance of rain
        showers after 2am. Mostly cloudy, with a low around 62.\"\n            },\n
        \           {\n                \"number\": 11,\n                \"name\":
        \"Sunday\",\n                \"startTime\": \"2023-08-06T06:00:00-04:00\",\n
        \               \"endTime\": \"2023-08-06T18:00:00-04:00\",\n                \"isDaytime\":
        true,\n                \"temperature\": 81,\n                \"temperatureUnit\":
        \"F\",\n                \"temperatureTrend\": null,\n                \"probabilityOfPrecipitation\":
        {\n                    \"unitCode\": \"wmoUnit:percent\",\n                    \"value\":
        null\n                },\n                \"dewpoint\": {\n                    \"unitCode\":
        \"wmoUnit:degC\",\n                    \"value\": 17.777777777777779\n                },\n
        \               \"relativeHumidity\": {\n                    \"unitCode\":
        \"wmoUnit:percent\",\n                    \"value\": 89\n                },\n
        \               \"windSpeed\": \"7 to 13 mph\",\n                \"windDirection\":
        \"E\",\n                \"icon\": \"https://api.weather.gov/icons/land/day/rain_showers/tsra_sct?size=medium\",\n
        \               \"shortForecast\": \"Slight Chance Rain Showers then Chance
        Showers And Thunderstorms\",\n                \"detailedForecast\": \"A slight
        chance of rain showers before 2pm, then a chance of showers and thunderstorms.
        Partly sunny, with a high near 81.\"\n            },\n            {\n                \"number\":
        12,\n                \"name\": \"Sunday Night\",\n                \"startTime\":
        \"2023-08-06T18:00:00-04:00\",\n                \"endTime\": \"2023-08-07T06:00:00-04:00\",\n
        \               \"isDaytime\": false,\n                \"temperature\": 65,\n
        \               \"temperatureUnit\": \"F\",\n                \"temperatureTrend\":
        null,\n                \"probabilityOfPrecipitation\": {\n                    \"unitCode\":
        \"wmoUnit:percent\",\n                    \"value\": null\n                },\n
        \               \"dewpoint\": {\n                    \"unitCode\": \"wmoUnit:degC\",\n
        \                   \"value\": 18.333333333333332\n                },\n                \"relativeHumidity\":
        {\n                    \"unitCode\": \"wmoUnit:percent\",\n                    \"value\":
        93\n                },\n                \"windSpeed\": \"9 to 13 mph\",\n
        \               \"windDirection\": \"SSW\",\n                \"icon\": \"https://api.weather.gov/icons/land/night/tsra_hi?size=medium\",\n
        \               \"shortForecast\": \"Chance Showers And Thunderstorms\",\n
        \               \"detailedForecast\": \"A chance of showers and thunderstorms
        before 8pm, then a chance of showers and thunderstorms. Mostly cloudy, with
        a low around 65.\"\n            },\n            {\n                \"number\":
        13,\n                \"name\": \"Monday\",\n                \"startTime\":
        \"2023-08-07T06:00:00-04:00\",\n                \"endTime\": \"2023-08-07T18:00:00-04:00\",\n
        \               \"isDaytime\": true,\n                \"temperature\": 82,\n
        \               \"temperatureUnit\": \"F\",\n                \"temperatureTrend\":
        null,\n                \"probabilityOfPrecipitation\": {\n                    \"unitCode\":
        \"wmoUnit:percent\",\n                    \"value\": null\n                },\n
        \               \"dewpoint\": {\n                    \"unitCode\": \"wmoUnit:degC\",\n
        \                   \"value\": 18.333333333333332\n                },\n                \"relativeHumidity\":
        {\n                    \"unitCode\": \"wmoUnit:percent\",\n                    \"value\":
        95\n                },\n                \"windSpeed\": \"9 to 13 mph\",\n
        \               \"windDirection\": \"WNW\",\n                \"icon\": \"https://api.weather.gov/icons/land/day/rain_showers?size=medium\",\n
        \               \"shortForecast\": \"Chance Rain Showers\",\n                \"detailedForecast\":
        \"A chance of rain showers. Partly sunny, with a high near 82.\"\n            },\n
        \           {\n                \"number\": 14,\n                \"name\":
        \"Monday Night\",\n                \"startTime\": \"2023-08-07T18:00:00-04:00\",\n
        \               \"endTime\": \"2023-08-08T06:00:00-04:00\",\n                \"isDaytime\":
        false,\n                \"temperature\": 64,\n                \"temperatureUnit\":
        \"F\",\n                \"temperatureTrend\": null,\n                \"probabilityOfPrecipitation\":
        {\n                    \"unitCode\": \"wmoUnit:percent\",\n                    \"value\":
        null\n                },\n                \"dewpoint\": {\n                    \"unitCode\":
        \"wmoUnit:degC\",\n                    \"value\": 18.333333333333332\n                },\n
        \               \"relativeHumidity\": {\n                    \"unitCode\":
        \"wmoUnit:percent\",\n                    \"value\": 94\n                },\n
        \               \"windSpeed\": \"9 to 13 mph\",\n                \"windDirection\":
        \"W\",\n                \"icon\": \"https://api.weather.gov/icons/land/night/rain_showers?size=medium\",\n
        \               \"shortForecast\": \"Chance Rain Showers\",\n                \"detailedForecast\":
        \"A chance of rain showers. Partly cloudy, with a low around 64.\"\n            }\n
        \       ]\n    }\n}"
    headers:
      Access-Control-Allow-Origin:
      - '*'
      Access-Control-Expose-Headers:
      - X-Correlation-Id, X-Request-Id, X-Server-Id
      Cache-Control:
      - public, max-age=592, s-maxage=3600
      Connection:
      - keep-alive
      Content-Encoding:
      - gzip
      Content-Length:
      - '1757'
      Content-Type:
      - application/geo+json
      Date:
      - Tue, 01 Aug 2023 12:55:23 GMT
      Expires:
      - Tue, 01 Aug 2023 13:05:15 GMT
      Server:
      - nginx/1.20.1
      Strict-Transport-Security:
      - max-age=31536000 ; includeSubDomains ; preload
      Vary:
      - Accept-Encoding
      - Accept,Feature-Flags,Accept-Language
      X-Correlation-ID:
      - 39a08fdc
      X-Edge-Request-ID:
      - 1f9d21c2
      X-Request-ID:
      - 5208a73f-b293-4727-8da8-9f90d73989a2
      X-Server-ID:
      - vm-bldr-nids-apiapp8.ncep.noaa.gov
    status:
      code: 200
      message: OK
    url: https://api.weather.gov/gridpoints/DTX/66,34/forecast
version: 1
